acumen@Ubuntu:~$ sudo apt-get install vim g++ codelite cmake
[sudo] password for acumen: 
Reading package lists... Done
Building dependency tree... Done
Reading state information... Done
g++ is already the newest version (4:13.2.0-7ubuntu1).
g++ set to manually installed.
The following additional packages will be installed:
  cmake-data libjsoncpp25 librhash0 libsodium23 libssh-gcrypt-4 libwxbase3.2-1t64 libwxgtk3.2-1t64 libwxsqlite3-3.2-0t64 vim-runtime wx-common
Suggested packages:
  cmake-doc cmake-format elpa-cmake-mode ninja-build codelite-plugins ctags vim-doc vim-scripts
The following NEW packages will be installed:
  cmake cmake-data codelite libjsoncpp25 librhash0 libsodium23 libssh-gcrypt-4 libwxbase3.2-1t64 libwxgtk3.2-1t64 libwxsqlite3-3.2-0t64 vim vim-runtime wx-common
0 upgraded, 13 newly installed, 0 to remove and 10 not upgraded.
Need to get 35.9 MB of archives.
After this operation, 142 MB of additional disk space will be used.
Do you want to continue? [Y/n] yes
Get:1 http://in.archive.ubuntu.com/ubuntu noble/main amd64 libjsoncpp25 amd64 1.9.5-6build1 [82.8 kB]
Get:2 http://in.archive.ubuntu.com/ubuntu noble/main amd64 librhash0 amd64 1.4.3-3build1 [129 kB]
Get:3 http://in.archive.ubuntu.com/ubuntu noble/main amd64 cmake-data all 3.28.3-1build7 [2,155 kB]
Get:4 http://in.archive.ubuntu.com/ubuntu noble/main amd64 cmake amd64 3.28.3-1build7 [11.2 MB]
Get:5 http://in.archive.ubuntu.com/ubuntu noble-updates/main amd64 libssh-gcrypt-4 amd64 0.10.6-2ubuntu0.1 [224 kB]
Get:6 http://in.archive.ubuntu.com/ubuntu noble/universe amd64 libwxbase3.2-1t64 amd64 3.2.4+dfsg-4build1 [899 kB]
Get:7 http://in.archive.ubuntu.com/ubuntu noble/universe amd64 libwxgtk3.2-1t64 amd64 3.2.4+dfsg-4build1 [4,535 kB]
Get:8 http://in.archive.ubuntu.com/ubuntu noble/universe amd64 libwxsqlite3-3.2-0t64 amd64 3.4.1~dfsg-9.1build1 [68.2 kB]
Get:9 http://in.archive.ubuntu.com/ubuntu noble/universe amd64 codelite amd64 17.0.0+dfsg-2build2 [7,220 kB]
Get:10 http://in.archive.ubuntu.com/ubuntu noble/main amd64 libsodium23 amd64 1.0.18-1build3 [161 kB]
Get:11 http://in.archive.ubuntu.com/ubuntu noble-updates/main amd64 vim-runtime all 2:9.1.0016-1ubuntu7.8 [7,281 kB]
Get:12 http://in.archive.ubuntu.com/ubuntu noble-updates/main amd64 vim amd64 2:9.1.0016-1ubuntu7.8 [1,881 kB]
Get:13 http://in.archive.ubuntu.com/ubuntu noble/universe amd64 wx-common amd64 3.2.4+dfsg-4build1 [92.0 kB]
Fetched 35.9 MB in 3s (10.4 MB/s)
Selecting previously unselected package libjsoncpp25:amd64.
(Reading database ... 213804 files and directories currently installed.)
Preparing to unpack .../00-libjsoncpp25_1.9.5-6build1_amd64.deb ...
Unpacking libjsoncpp25:amd64 (1.9.5-6build1) ...
Selecting previously unselected package librhash0:amd64.
Preparing to unpack .../01-librhash0_1.4.3-3build1_amd64.deb ...
Unpacking librhash0:amd64 (1.4.3-3build1) ...
Selecting previously unselected package cmake-data.
Preparing to unpack .../02-cmake-data_3.28.3-1build7_all.deb ...
Unpacking cmake-data (3.28.3-1build7) ...
Selecting previously unselected package cmake.
Preparing to unpack .../03-cmake_3.28.3-1build7_amd64.deb ...
Unpacking cmake (3.28.3-1build7) ...
Selecting previously unselected package libssh-gcrypt-4:amd64.
Preparing to unpack .../04-libssh-gcrypt-4_0.10.6-2ubuntu0.1_amd64.deb ...
Unpacking libssh-gcrypt-4:amd64 (0.10.6-2ubuntu0.1) ...
Selecting previously unselected package libwxbase3.2-1t64:amd64.
Preparing to unpack .../05-libwxbase3.2-1t64_3.2.4+dfsg-4build1_amd64.deb ...
Unpacking libwxbase3.2-1t64:amd64 (3.2.4+dfsg-4build1) ...
Selecting previously unselected package libwxgtk3.2-1t64:amd64.
Preparing to unpack .../06-libwxgtk3.2-1t64_3.2.4+dfsg-4build1_amd64.deb ...
Unpacking libwxgtk3.2-1t64:amd64 (3.2.4+dfsg-4build1) ...
Selecting previously unselected package libwxsqlite3-3.2-0t64:amd64.
Preparing to unpack .../07-libwxsqlite3-3.2-0t64_3.4.1~dfsg-9.1build1_amd64.deb ...
Unpacking libwxsqlite3-3.2-0t64:amd64 (3.4.1~dfsg-9.1build1) ...
Selecting previously unselected package codelite.
Preparing to unpack .../08-codelite_17.0.0+dfsg-2build2_amd64.deb ...
Unpacking codelite (17.0.0+dfsg-2build2) ...
Selecting previously unselected package libsodium23:amd64.
Preparing to unpack .../09-libsodium23_1.0.18-1build3_amd64.deb ...
Unpacking libsodium23:amd64 (1.0.18-1build3) ...
Selecting previously unselected package vim-runtime.
Preparing to unpack .../10-vim-runtime_2%3a9.1.0016-1ubuntu7.8_all.deb ...
Adding 'diversion of /usr/share/vim/vim91/doc/help.txt to /usr/share/vim/vim91/doc/help.txt.vim-tiny by vim-runtime'
Adding 'diversion of /usr/share/vim/vim91/doc/tags to /usr/share/vim/vim91/doc/tags.vim-tiny by vim-runtime'
Unpacking vim-runtime (2:9.1.0016-1ubuntu7.8) ...
Selecting previously unselected package vim.
Preparing to unpack .../11-vim_2%3a9.1.0016-1ubuntu7.8_amd64.deb ...
Unpacking vim (2:9.1.0016-1ubuntu7.8) ...
Selecting previously unselected package wx-common.
Preparing to unpack .../12-wx-common_3.2.4+dfsg-4build1_amd64.deb ...
Unpacking wx-common (3.2.4+dfsg-4build1) ...
Setting up libssh-gcrypt-4:amd64 (0.10.6-2ubuntu0.1) ...
Setting up libsodium23:amd64 (1.0.18-1build3) ...
Setting up libjsoncpp25:amd64 (1.9.5-6build1) ...
Setting up librhash0:amd64 (1.4.3-3build1) ...
Setting up cmake-data (3.28.3-1build7) ...
Setting up libwxbase3.2-1t64:amd64 (3.2.4+dfsg-4build1) ...
Setting up vim-runtime (2:9.1.0016-1ubuntu7.8) ...
Setting up libwxgtk3.2-1t64:amd64 (3.2.4+dfsg-4build1) ...
Setting up wx-common (3.2.4+dfsg-4build1) ...
Setting up vim (2:9.1.0016-1ubuntu7.8) ...
update-alternatives: using /usr/bin/vim.basic to provide /usr/bin/ex (ex) in auto mode
update-alternatives: using /usr/bin/vim.basic to provide /usr/bin/rview (rview) in auto mode
update-alternatives: using /usr/bin/vim.basic to provide /usr/bin/rvim (rvim) in auto mode
update-alternatives: using /usr/bin/vim.basic to provide /usr/bin/vi (vi) in auto mode
update-alternatives: using /usr/bin/vim.basic to provide /usr/bin/view (view) in auto mode
update-alternatives: using /usr/bin/vim.basic to provide /usr/bin/vim (vim) in auto mode
update-alternatives: using /usr/bin/vim.basic to provide /usr/bin/vimdiff (vimdiff) in auto mode
Setting up libwxsqlite3-3.2-0t64:amd64 (3.4.1~dfsg-9.1build1) ...
Setting up cmake (3.28.3-1build7) ...
Setting up codelite (17.0.0+dfsg-2build2) ...
Processing triggers for hicolor-icon-theme (0.17-2) ...
Processing triggers for gnome-menus (3.36.0-1.1ubuntu3) ...
Processing triggers for libc-bin (2.39-0ubuntu8.5) ...
Processing triggers for man-db (2.12.0-4build2) ...
Processing triggers for desktop-file-utils (0.27-2build1) ...
acumen@Ubuntu:~$ which vim
/usr/bin/vim
acumen@Ubuntu:~$ which g++
/usr/bin/g++
acumen@Ubuntu:~$ which cmake
/usr/bin/cmake
acumen@Ubuntu:~$ which codelite
/usr/bin/codelite
acumen@Ubuntu:~$ 



acumen@Ubuntu:~$ sudo apt-get install git
[sudo] password for acumen: 
Reading package lists... Done
Building dependency tree... Done
Reading state information... Done
The following additional packages will be installed:
  git-man liberror-perl
Suggested packages:
  git-daemon-run | git-daemon-sysvinit git-doc git-email git-gui gitk gitweb git-cvs git-mediawiki git-svn
The following NEW packages will be installed:
  git git-man liberror-perl
0 upgraded, 3 newly installed, 0 to remove and 10 not upgraded.
Need to get 4,806 kB of archives.
After this operation, 24.5 MB of additional disk space will be used.
Do you want to continue? [Y/n] yes
Get:1 http://in.archive.ubuntu.com/ubuntu noble/main amd64 liberror-perl all 0.17029-2 [25.6 kB]
Get:2 http://in.archive.ubuntu.com/ubuntu noble-updates/main amd64 git-man all 1:2.43.0-1ubuntu7.3 [1,100 kB]
Get:3 http://in.archive.ubuntu.com/ubuntu noble-updates/main amd64 git amd64 1:2.43.0-1ubuntu7.3 [3,680 kB]
Fetched 4,806 kB in 2s (2,752 kB/s)
Selecting previously unselected package liberror-perl.
(Reading database ... 219673 files and directories currently installed.)
Preparing to unpack .../liberror-perl_0.17029-2_all.deb ...
Unpacking liberror-perl (0.17029-2) ...
Selecting previously unselected package git-man.
Preparing to unpack .../git-man_1%3a2.43.0-1ubuntu7.3_all.deb ...
Unpacking git-man (1:2.43.0-1ubuntu7.3) ...
Selecting previously unselected package git.
Preparing to unpack .../git_1%3a2.43.0-1ubuntu7.3_amd64.deb ...
Unpacking git (1:2.43.0-1ubuntu7.3) ...
Setting up liberror-perl (0.17029-2) ...
Setting up git-man (1:2.43.0-1ubuntu7.3) ...
Setting up git (1:2.43.0-1ubuntu7.3) ...
Processing triggers for man-db (2.12.0-4build2) ...


acumen@Ubuntu:~$ sudo apt-get install cppcheck
Reading package lists... Done
Building dependency tree... Done
Reading state information... Done
The following additional packages will be installed:
  libtinyxml2-10
Suggested packages:
  cppcheck-gui clang clang-tidy
The following NEW packages will be installed:
  cppcheck libtinyxml2-10
0 upgraded, 2 newly installed, 0 to remove and 10 not upgraded.
Need to get 2,169 kB of archives.
After this operation, 9,618 kB of additional disk space will be used.
Do you want to continue? [Y/n] yes
Get:1 http://in.archive.ubuntu.com/ubuntu noble/universe amd64 libtinyxml2-10 amd64 10.0.0+dfsg-2 [32.5 kB]
Get:2 http://in.archive.ubuntu.com/ubuntu noble/universe amd64 cppcheck amd64 2.13.0-2ubuntu3 [2,136 kB]
Fetched 2,169 kB in 2s (1,342 kB/s) 
Selecting previously unselected package libtinyxml2-10:amd64.
(Reading database ... 220757 files and directories currently installed.)
Preparing to unpack .../libtinyxml2-10_10.0.0+dfsg-2_amd64.deb ...
Unpacking libtinyxml2-10:amd64 (10.0.0+dfsg-2) ...
Selecting previously unselected package cppcheck.
Preparing to unpack .../cppcheck_2.13.0-2ubuntu3_amd64.deb ...
Unpacking cppcheck (2.13.0-2ubuntu3) ...
Setting up libtinyxml2-10:amd64 (10.0.0+dfsg-2) ...
Setting up cppcheck (2.13.0-2ubuntu3) ...
Processing triggers for man-db (2.12.0-4build2) ...
Processing triggers for libc-bin (2.39-0ubuntu8.5) ...



